# v0.6.0 speed excerpts
# decode = KVMEM_GEN_WALL. Speed is not a go/no-go.
# q8 GPU KV + unrotated q8 raw-K + packed GPU V.

========== 0.8B Q8_0 / 5050 / n=64 ==========
# budget=n_ctx
 1024 off  prefill=5059 decode=142
 1024 retr prefill=4534 retr_ms=1.7 decode=127
16384 off  prefill=4488 decode=77
16384 retr prefill=4410 retr_ms=4.1 decode=78
# retr budget=512  16k  KVMEM_RETR_SUM
type_k=q8_0 n_raw=12 n_move=4
total_ms=114.6 stage_out=11.3 copy=0.65 rope=0.78 set=10.9

========== 27B UD-Q4_K_M / 5090 / 16k / -b 512 ==========
16384 off  prefill=1417 decode=37.4
16384 retr prefill=1381 retr_ms=21.9 decode=36.7
# retr budget=512
16384 retr prefill=1259 retr_ms=624 decode=37.6
KVMEM_RETR_SUM total=653 stage_out=51 copy=3.2 rope=4.0 set=74 n_raw=12

========== IQ3_S 128k / 60k active / q8 / 5090 / -b 512 no-mtp ==========
# KVMem bt=32  pool=80000  KV=2656 MiB  VRAM peak=14954
prefill=754 tok/s  retrieval_ms=57546  decode=32.1 (31 tok EOS)
KVMEM_RETR_SUM total=57546 stage_out=4659 set=9465 copy=471 rope=359 n_raw=1105
raw-K RAM ~2176 MiB q8 rows + ~256 MiB mean  (no --kvmem-raw-k-nvme)

# KVMem bt=128 pool=79872 KV=2652 MiB  VRAM peak=14896
prefill=780 tok/s  retrieval_ms=44498  decode=33.0 (64 tok)
KVMEM_RETR_SUM total=44497 stage_out=1793 set=4253 copy=335 rope=329 n_raw=248

# no KVMem, q8
128k off prefill=675 decode=23.4  KV buffer=4369 MiB  VRAM peak=16654
 60k off prefill=981 decode=30.7  KV buffer=2006 MiB  VRAM peak=14072
